Microchip MPLAB XC8 Compiler V2.46

Linker command line:

-W-3 \
  --edf=C:/Users/hehey/.mchp_packs/Microchip/PIC16F1xxxx_DFP/1.24.387/xc8\pic\dat\20240111205957_en.msgs \
  -cn -h+default.sym --cmf=default.cmf -z -Q16F18854 \
  -oC:\Users\hehey\AppData\Local\Temp\xcAs15qo.\driver_tmp_3.o \
  --defsym=__MPLAB_BUILD=1 -Pintentry=04h --fixupoverflow=error -Mmem.map \
  -E1 -ver=XC8 Compiler --acfsm=1493 -ACODE=00h-07FFhx2 -ASTRCODE=00h-0FFFh \
  -ASTRING=00h-0FFhx16 -ACONST=00h-0FFhx16 -AENTRY=00h-0FFhx16 \
  -ACOMMON=070h-07Fh -ABANK0=020h-06Fh -ABANK1=0A0h-0EFh \
  -ABANK2=0120h-016Fh -ABANK3=01A0h-01EFh -ABANK4=0220h-026Fh \
  -ABANK5=02A0h-02EFh -ABANK6=0320h-032Fh -ABIGRAM=02000h-021EFh \
  -ARAM=020h-06Fh,0A0h-0EFh,0120h-016Fh,01A0h-01EFh,0220h-026Fh,02A0h-02EFh,0320h-032Fh \
  -AABS1=020h-07Fh,0A0h-0EFh,0120h-016Fh,01A0h-01EFh,0220h-026Fh,02A0h-02EFh,0320h-032Fh \
  -ASFR0=00h-01Fh -ASFR1=080h-09Fh -ASFR2=0100h-011Fh -ASFR3=0180h-019Fh \
  -ASFR4=0200h-021Fh -ASFR5=0280h-029Fh -ASFR6=0300h-031Fh \
  -ASFR7=0380h-03EFh -ASFR8=0400h-046Fh -ASFR9=0480h-04EFh \
  -ASFR10=0500h-056Fh -ASFR11=0580h-05EFh -ASFR12=0600h-066Fh \
  -ASFR13=0680h-06EFh -ASFR14=0700h-076Fh -ASFR15=0780h-07EFh \
  -ASFR16=0800h-086Fh -ASFR17=0880h-08EFh -ASFR18=0900h-096Fh \
  -ASFR19=0980h-09EFh -ASFR20=0A00h-0A6Fh -ASFR21=0A80h-0AEFh \
  -ASFR22=0B00h-0B6Fh -ASFR23=0B80h-0BEFh -ASFR24=0C00h-0C6Fh \
  -ASFR25=0C80h-0CEFh -ASFR26=0D00h-0D6Fh -ASFR27=0D80h-0DEFh \
  -ASFR28=0E00h-0E6Fh -ASFR29=0E80h-0EEFh -ASFR30=0F00h-0F6Fh \
  -ASFR31=0F80h-0FEFh -ACONFIG=08007h-0800Bh -DCONFIG=2 \
  -AIDLOC=08000h-08003h -DIDLOC=2 -AEEDATA=00h-0FFh/0F000h \
  -peeprom_data=EEDATA -DEEDATA=2 -DCODE=2 -DSTRCODE=2 -DSTRING=2 -DCONST=2 \
  -DENTRY=2 -preset_vec=00h -ppowerup=CODE -pcinit=CODE -pfunctab=ENTRY -k \
  CMakeFiles\assemble.dir\C_\Users\hehey\MPLABXProjects\f18854.X\pic_8b_asm_func.s.o 

Object code version is 3.11

Machine type is 16F18854



                Name                               Link     Load   Length Selector   Space Scale
CMakeFiles\assemble.dir\C_\Users\hehey\MPLABXProjects\f18854.X\pic_8b_asm_func.s.o
                main                                  5        5       12        8       0
                CommonVar                            70       70        1       70       1
                config                             8007     8007        5    1000E       0
                reset_vec                             0        0        3        0       0
                intentry                              4        4        1        8       0

TOTAL           Name                               Link     Load   Length     Space
        CLASS   CODE           
                main                                  5        5       12         0
                reset_vec                             0        0        3         0
                intentry                              4        4        1         0

        CLASS   STRCODE        

        CLASS   STRING         

        CLASS   CONST          

        CLASS   ENTRY          

        CLASS   COMMON         
                CommonVar                            70       70        1         1

        CLASS   BANK0          

        CLASS   BANK1          

        CLASS   BANK2          

        CLASS   BANK3          

        CLASS   BANK4          

        CLASS   BANK5          

        CLASS   BANK6          

        CLASS   BIGRAM         

        CLASS   RAM            

        CLASS   ABS1           

        CLASS   SFR0           

        CLASS   SFR1           

        CLASS   SFR2           

        CLASS   SFR3           

        CLASS   SFR4           

        CLASS   SFR5           

        CLASS   SFR6           

        CLASS   SFR7           

        CLASS   SFR8           

        CLASS   SFR9           

        CLASS   SFR10          

        CLASS   SFR11          

        CLASS   SFR12          

        CLASS   SFR13          

        CLASS   SFR14          

        CLASS   SFR15          

        CLASS   SFR16          

        CLASS   SFR17          

        CLASS   SFR18          

        CLASS   SFR19          

        CLASS   SFR20          

        CLASS   SFR21          

        CLASS   SFR22          

        CLASS   SFR23          

        CLASS   SFR24          

        CLASS   SFR25          

        CLASS   SFR26          

        CLASS   SFR27          

        CLASS   SFR28          

        CLASS   SFR29          

        CLASS   SFR30          

        CLASS   SFR31          

        CLASS   CONFIG         
                config                             8007     8007        5         0

        CLASS   IDLOC          

        CLASS   EEDATA         



SEGMENTS        Name                           Load    Length   Top    Selector   Space  Class     Delta

                reset_vec                      000000  000003  000003         0       0  CODE        2
                intentry                       000004  000013  000017         8       0  CODE        2
                CommonVar                      000070  000001  000071        70       1  COMMON      1
                config                         008007  000005  00800C     1000E       0  CONFIG      2


UNUSED ADDRESS RANGES

        Name                Unused          Largest block    Delta
        BANK0            0020-006F             50           1
        BANK1            00A0-00EF             50           1
        BANK2            0120-016F             50           1
        BANK3            01A0-01EF             50           1
        BANK4            0220-026F             50           1
        BANK5            02A0-02EF             50           1
        BANK6            0320-032F             10           1
        BIGRAM           2000-21EF            1F0           1
        CODE             0003-0003              1           2
                         0017-0FFF            7E9
        COMMON           0071-007F              F           1
        CONST            0003-0003              1           2
                         0017-0FFF            100
        EEDATA           F000-F0FF            100           2
        ENTRY            0003-0003              1           2
                         0017-0FFF            100
        IDLOC            8000-8003              4           2
        RAM              0020-006F             50           1
                         00A0-00EF             50
                         0120-016F             50
                         01A0-01EF             50
                         0220-026F             50
                         02A0-02EF             50
                         0320-032F             10
        SFR0             0006-0007              2           1
        SFR1             0080-009F             20           1
        SFR10            0500-056F             70           1
        SFR11            0580-05EF             70           1
        SFR12            0600-066F             70           1
        SFR13            0680-06EF             70           1
        SFR14            0700-076F             70           1
        SFR15            0780-07EF             70           1
        SFR16            0800-086F             70           1
        SFR17            0880-08EF             70           1
        SFR18            0900-096F             70           1
        SFR19            0980-09EF             70           1
        SFR2             0100-011F             20           1
        SFR20            0A00-0A6F             70           1
        SFR21            0A80-0AEF             70           1
        SFR22            0B00-0B6F             70           1
        SFR23            0B80-0BEF             70           1
        SFR24            0C00-0C6F             70           1
        SFR25            0C80-0CEF             70           1
        SFR26            0D00-0D6F             70           1
        SFR27            0D80-0DEF             70           1
        SFR28            0E00-0E6F             70           1
        SFR29            0E80-0EEF             70           1
        SFR3             0180-019F             20           1
        SFR30            0F00-0F6F             70           1
        SFR31            0F80-0FEF             70           1
        SFR4             0200-021F             20           1
        SFR5             0280-029F             20           1
        SFR6             0300-031F             20           1
        SFR7             0380-03EF             70           1
        SFR8             0400-046F             70           1
        SFR9             0480-04EF             70           1
        STRCODE          0003-0003              1           2
                         0017-0FFF            FE9
        STRING           0003-0003              1           2
                         0017-0FFF            100

                                  Symbol Table

__HCommonVar         CommonVar    0000  __H__absolute__      __absolute__ 0000
__Hcinit             cinit        0000  __Hcode              code         0000
__Hconfig            config       0000  __Hdata              data         0000
__Hedata             edata        0000  __Heeprom_data       eeprom_data  0000
__Hend_init          end_init     0000  __Hfunctab           functab      0000
__Hidloc             idloc        0000  __Hinit              init         0000
__Hintentry          intentry     0005  __Hmain              main         0000
__Hpa_nodes0         pa_nodes0    0000  __Hpowerup           powerup      0000
__Hreset_vec         reset_vec    0003  __Hspace_0           (abs)        800C
__Hspace_1           (abs)        0071  __Hspace_3           (abs)        0000
__Hudata             udata        0000  __Hudata_bank0       udata_bank0  0000
__Hudata_bank1       udata_bank1  0000  __Hudata_bank2       udata_bank2  0000
__Hudata_bank3       udata_bank3  0000  __Hudata_bank4       udata_bank4  0000
__Hudata_bank5       udata_bank5  0000  __Hudata_bank6       udata_bank6  0000
__Hudata_shr         udata_shr    0000  __LCommonVar         CommonVar    0000
__L__absolute__      __absolute__ 0000  __Lcinit             cinit        0000
__Lcode              code         0000  __Lconfig            config       0000
__Ldata              data         0000  __Ledata             edata        0000
__Leeprom_data       eeprom_data  0000  __Lend_init          end_init     0000
__Lfunctab           functab      0000  __Lidloc             idloc        0000
__Linit              init         0000  __Lintentry          intentry     0004
__Lmain              main         0000  __Lpa_nodes0         pa_nodes0    0000
__Lpowerup           powerup      0000  __Lreset_vec         reset_vec    0000
__Lspace_0           (abs)        0000  __Lspace_1           (abs)        0000
__Lspace_3           (abs)        0000  __Ludata             udata        0000
__Ludata_bank0       udata_bank0  0000  __Ludata_bank1       udata_bank1  0000
__Ludata_bank2       udata_bank2  0000  __Ludata_bank3       udata_bank3  0000
__Ludata_bank4       udata_bank4  0000  __Ludata_bank5       udata_bank5  0000
__Ludata_bank6       udata_bank6  0000  __Ludata_shr         udata_shr    0000
__S0                 (abs)        800C  __S1                 (abs)        0071
__S3                 (abs)        0000  _main                main         0005
reset_vec            reset_vec    0000  start_initialization cinit        0000
